// Jest Snapshot v1, https://goo.gl/fbAQLP

exports[`App component App should matches DOM Snapshot 1`] = `
<div>
  <header>
    <a
      href="/"
    >
      <h2
        class="logo"
      >
        <img
          alt=""
          src="IMAGE_MOCK"
        />
      </h2>
    </a>
    <nav
      data-testid="navbar"
    >
      <ul
        class="dropdown-menu"
      >
        <li
          class="dropdown-item"
        >
          <a
            href="/"
          >
            <span>
              Movies
            </span>
          </a>
          <div
            class="dropdown-content"
          >
            <a
              class="nav-link"
              data-testid="navitem"
              href="/"
            >
              <span>
                Popular
              </span>
            </a>
            <a
              class="nav-link"
              data-testid="navitem"
              href="/now-playing"
            >
              <span>
                Now Playing
              </span>
            </a>
            <a
              class="nav-link"
              data-testid="navitem"
              href="/up-coming"
            >
              <span>
                Upcoming
              </span>
            </a>
            <a
              class="nav-link"
              data-testid="navitem"
              href="/top-rated"
            >
              <span>
                Top Rated
              </span>
            </a>
          </div>
        </li>
        <li
          class="dropdown-item"
        >
          <a
            href="/favorite-movies"
          >
            <span>
              Favorite Movies
            </span>
          </a>
        </li>
      </ul>
    </nav>
  </header>
  <div
    class="media"
    data-testid="home-page"
  >
    <div
      class="column_wrapper"
    >
      <div
        class="content_wrapper"
      >
        <div
          class="title"
        >
          <h2
            data-testid="header-page"
          >
            Popular Movies
          </h2>
        </div>
        <div
          class="content"
        >
          <div>
            <div
              class="panel-card"
            >
              <div
                class="name"
              >
                <h2>
                  Sort
                </h2>
              </div>
              <div
                class="filter"
              >
                <span
                  class="widget"
                  data-testid="sub-menu"
                >
                  <span
                    class="dropdown"
                    data-testid="select"
                  >
                    <span
                      class="input"
                      data-testid="titleOption"
                    >
                      Popularity Descending
                    </span>
                    <span
                      class="select"
                    >
                      <span
                        class="icon-select"
                      />
                    </span>
                  </span>
                </span>
              </div>
            </div>
            <div
              class="panel-card"
            >
              <div
                class="name"
              >
                <h2>
                  Filter
                </h2>
              </div>
              <div
                class="filter"
              >
                <span
                  class="widget"
                  data-testid="sub-menu"
                >
                  <div
                    class="list-chip"
                    data-testid="list-chip"
                  >
                    <h3>
                      Genres
                    </h3>
                  </div>
                  <div
                    class="ranger-slider"
                  >
                    <h3>
                      User Score
                    </h3>
                    <input
                      class="range"
                      max="10"
                      min="0"
                      step="1"
                      type="range"
                      value="10"
                    />
                    <div
                      class="range-value"
                    >
                      10
                    </div>
                  </div>
                </span>
              </div>
            </div>
            <div
              class="btn-layout"
            >
              <button
                class="btn primary contained rd-2 w-100 "
                type="button"
              >
                Search
              </button>
            </div>
          </div>
          <div
            class="white_column"
          >
            <section
              class="page_wrapper"
            >
              <span
                data-testid="message-error"
              >
                No items were found that match your query.
              </span>
            </section>
            <div
              class="btn-layout"
            >
              <button
                class="btn primary contained rd-1 w-100 "
                disabled=""
                type="button"
              >
                Load More
              </button>
            </div>
          </div>
        </div>
      </div>
    </div>
  </div>
  <footer>
    <a
      href="/"
    >
      <h2
        class="logo_footer"
      >
        <img
          alt=""
          src="IMAGE_MOCK"
        />
      </h2>
    </a>
    <div
      class="menu_footer"
    >
      <div
        class="nav_footer"
      >
        <h3
          class="nav_title"
        >
          THE BASICS
        </h3>
        <div
          class="sub_nav"
        >
          <a
            class="sub_nav_item"
            href="/"
          >
            <span>
              About TMDB
            </span>
          </a>
          <a
            class="sub_nav_item"
            href="/"
          >
            <span>
              Contact Us
            </span>
          </a>
          <a
            class="sub_nav_item"
            href="/"
          >
            <span>
              Support Forums
            </span>
          </a>
          <a
            class="sub_nav_item"
            href="/"
          >
            <span>
              API
            </span>
          </a>
          <a
            class="sub_nav_item"
            href="/"
          >
            <span>
              System Status
            </span>
          </a>
        </div>
      </div>
      <div
        class="nav_footer"
      >
        <h3
          class="nav_title"
        >
          GET INVOLVED
        </h3>
        <div
          class="sub_nav"
        >
          <a
            class="sub_nav_item"
            href="/"
          >
            <span>
              Contribution Bible
            </span>
          </a>
          <a
            class="sub_nav_item"
            href="/"
          >
            <span>
              Add New Movie
            </span>
          </a>
          <a
            class="sub_nav_item"
            href="/"
          >
            <span>
              Add New TV Show
            </span>
          </a>
        </div>
      </div>
      <div
        class="nav_footer"
      >
        <h3
          class="nav_title"
        >
          COMMUNITY
        </h3>
        <div
          class="sub_nav"
        >
          <a
            class="sub_nav_item"
            href="/"
          >
            <span>
              Guidelines
            </span>
          </a>
          <a
            class="sub_nav_item"
            href="/"
          >
            <span>
              Discussions
            </span>
          </a>
          <a
            class="sub_nav_item"
            href="/"
          >
            <span>
              Leaderboard
            </span>
          </a>
          <a
            class="sub_nav_item"
            href="/"
          >
            <span>
              Twitter
            </span>
          </a>
        </div>
      </div>
      <div
        class="nav_footer"
      >
        <h3
          class="nav_title"
        >
          LEGAL
        </h3>
        <div
          class="sub_nav"
        >
          <a
            class="sub_nav_item"
            href="/"
          >
            <span>
              Terms of Use
            </span>
          </a>
          <a
            class="sub_nav_item"
            href="/"
          >
            <span>
              API Terms of Use
            </span>
          </a>
          <a
            class="sub_nav_item"
            href="/"
          >
            <span>
              Privacy Policy
            </span>
          </a>
        </div>
      </div>
    </div>
  </footer>
</div>
`;
