// Jest Snapshot v1, https://goo.gl/fbAQLP

exports[`Test Movie component Component Movie matches DOM Snapshot 1`] = `
<div>
  <section
    class="movie"
  >
    <div
      class="banner"
    >
      <img
        alt="Beyond Infinity: Buzz and the Journey to Lightyear"
        class="banner_image"
        data-testid="banner"
        src="https://www.themoviedb.org/t/p/w1920_and_h800_multi_faces/mBJ995JUssgh2hhm4JxNj8hyVVM.jpg"
      />
      <span
        class="layer"
      />
      <div
        class="content"
      >
        <div
          class="inner"
        >
          <div
            class="poster_movie"
          >
            <img
              alt="https://www.disneyplus.com/movies/beyond-infinity-buzz-and-the-journey-to-lightyear/6UHRsekPfYyP"
              class="image_movie"
              data-testid="poster"
              src="https://www.themoviedb.org/t/p/w300_and_h450_bestv2/3dhQksZrIeRYP8jbB0J1SLW6HVW.jpg"
            />
          </div>
          <section
            class="info_movie"
          >
            <div
              class="info_wrapper"
            >
              <div
                class="tittle"
              >
                <h2>
                  <a
                    data-testid="title"
                    href="#"
                  >
                    Beyond Infinity: Buzz and the Journey to Lightyear
                  </a>
                  <span
                    class="tag release_date"
                    data-testid="release"
                  >
                    (
                    2
                    0
                    2
                    2
                    )
                  </span>
                </h2>
                <div
                  class="facts"
                >
                  <span
                    class="genres"
                    data-testid="genres"
                  />
                  <span
                    class="runtime"
                    data-testid="runtime"
                  >
                    0h 35m
                  </span>
                </div>
              </div>
              <ul
                class="options"
              >
                <li
                  class="chart"
                >
                  <div
                    class="details"
                  >
                    <div
                      class="outer_ring"
                    >
                      <div
                        class="user_score_chart"
                      >
                        <div
                          class="percent"
                        >
                          <span
                            class="icon icon-r73"
                            data-testid="score"
                          >
                            74
                          </span>
                        </div>
                      </div>
                    </div>
                  </div>
                  <div
                    class="text"
                  >
                    User
                    <br />
                    Score
                  </div>
                </li>
                <div
                  class="tooltip"
                  data-testid="tooltip"
                >
                  <div>
                    <li
                      class="option-single"
                    >
                      <i>
                        <img
                          alt="Add to list"
                          src="https://www.themoviedb.org/assets/2/v4/glyphicons/basic/glyphicons-basic-159-thumbnails-list-white-c260ea972eebf812289fd3c41d0d2c1dff33ecbcd62be13fba8eeaf9de173789.svg"
                        />
                      </i>
                    </li>
                  </div>
                  <span
                    class="tooltip-text"
                  >
                    Add to list
                  </span>
                </div>
                <div
                  class="tooltip"
                  data-testid="tooltip"
                >
                  <div>
                    <li
                      class="option-single"
                    >
                      <i>
                        <img
                          alt="Favorite"
                          src="https://www.themoviedb.org/assets/2/v4/glyphicons/basic/glyphicons-basic-13-heart-white-28d2cc2d6418c5047efcfd2438bfc5d109192671263c270993c05f130cc4584e.svg"
                        />
                      </i>
                    </li>
                  </div>
                  <span
                    class="tooltip-text"
                  >
                    Remove from your favorite list
                  </span>
                </div>
                <div
                  class="tooltip"
                  data-testid="tooltip"
                >
                  <div>
                    <li
                      class="option-single"
                    >
                      <i>
                        <img
                          alt="Watchlist"
                          src="https://www.themoviedb.org/assets/2/v4/glyphicons/basic/glyphicons-basic-73-bookmark-white-432e98d550b7e4c80b06272c49475b0db85a60f6fae450420713004b3c9d3ffd.svg"
                        />
                      </i>
                    </li>
                  </div>
                  <span
                    class="tooltip-text"
                  >
                    Add to your watchlist
                  </span>
                </div>
                <div
                  class="tooltip"
                  data-testid="tooltip"
                >
                  <div>
                    <li
                      class="option-single"
                    >
                      <i>
                        <img
                          alt="Your rating"
                          src="https://www.themoviedb.org/assets/2/v4/glyphicons/basic/glyphicons-basic-49-star-white-5c85220678b312aea9599d5f12ad858a9e7df226de51ef8b6b699023ffeda5fa.svg"
                        />
                      </i>
                    </li>
                  </div>
                  <span
                    class="tooltip-text"
                  >
                    Rate It!
                  </span>
                </div>
              </ul>
              <div
                class="overview"
              >
                <h3>
                  Overview
                </h3>
                <p
                  class="desc"
                  data-testid="desc"
                >
                  Explore the evolution of Buzz Lightyear from toy to human in the making of Pixar’s Lightyear. Dive into the origin and cultural impact of everyone’s favorite Space Ranger, the art of designing a new “human Buzz,” and the challenges faced by the Lightyear crew along the way.
                </p>
              </div>
            </div>
          </section>
        </div>
      </div>
    </div>
  </section>
</div>
`;
