// Jest Snapshot v1, https://goo.gl/fbAQLP

exports[`Button component should render Input 1`] = `
<div>
  <button
    class="MuiButtonBase-root MuiButton-root MuiButton-contained MuiButton-containedPrimary MuiButton-sizeMedium MuiButton-containedSizeMedium MuiButton-root MuiButton-contained MuiButton-containedPrimary MuiButton-sizeMedium MuiButton-containedSizeMedium css-112it7g-MuiButtonBase-root-MuiButton-root"
    hovercolor="white"
    tabindex="0"
    type="button"
    width="100%"
  >
    Button
    <span
      class="MuiTouchRipple-root css-8je8zh-MuiTouchRipple-root"
    />
  </button>
</div>
`;
