// Jest Snapshot v1, https://goo.gl/fbAQLP

exports[`Test Content Card component Component Content Card Movie matches DOM Snapshot 1`] = `
<div>
  <div
    class="content"
  >
    <div
      class="consensus tight"
    >
      <div
        class="outer_ring"
      >
        <div
          class="user_score_chart"
          data-bar-color="#21d07a"
          data-percent="78.0"
          data-track-color="#204529"
        >
          <div
            class="percent"
          >
            <span
              class="icon"
              data-testid="score"
            >
              75
            </span>
          </div>
        </div>
      </div>
    </div>
    <h2>
      <a
        href="/movie/1"
        title="Doctor Strange in the Multiverse of Madness"
      >
        Doctor Strange in the Multiverse of Madness
      </a>
    </h2>
    <p
      data-testid="release-date"
    >
      2022-05-04
    </p>
  </div>
  ;
</div>
`;
